22:F:\Documents\AndroidStudioProjects\netfeige2\app\src\main\java\com\netfeige\common\Public_Tools.java:393: ´íÎó: Î´½áÊøµÄ×Ö·û´®ÎÄ×Ö
25:F:\Documents\AndroidStudioProjects\netfeige2\app\src\main\java\com\netfeige\common\Public_Tools.java:398: ´íÎó: Î´½áÊøµÄ×Ö·û´®ÎÄ×Ö
28:F:\Documents\AndroidStudioProjects\netfeige2\app\src\main\java\com\netfeige\common\Public_Tools.java:399: ´íÎó: Î´½áÊøµÄ×Ö·û´®ÎÄ×Ö
31:F:\Documents\AndroidStudioProjects\netfeige2\app\src\main\java\com\netfeige\common\Public_Tools.java:450: ´íÎó: Î´½áÊøµÄ×Ö·û´®ÎÄ×Ö
34:F:\Documents\AndroidStudioProjects\netfeige2\app\src\main\java\com\netfeige\common\Public_Tools.java:778: ´íÎó: Î´½áÊøµÄ×Ö·û´®ÎÄ×Ö
37:F:\Documents\AndroidStudioProjects\netfeige2\app\src\main\java\com\netfeige\common\Public_Tools.java:779: ´íÎó: Î´½áÊøµÄ×Ö·û´®ÎÄ×Ö
40:F:\Documents\AndroidStudioProjects\netfeige2\app\src\main\java\com\netfeige\display\data\DataSource.java:25: ´íÎó: Î´½áÊøµÄ×Ö·û´®ÎÄ×Ö
43:F:\Documents\AndroidStudioProjects\netfeige2\app\src\main\java\com\netfeige\display\data\DataSource.java:26: ´íÎó: Î´½áÊøµÄ×Ö·û´®ÎÄ×Ö
46:F:\Documents\AndroidStudioProjects\netfeige2\app\src\main\java\com\netfeige\display\data\DataSource.java:27: ´íÎó: Î´½áÊøµÄ×Ö·û´®ÎÄ×Ö
49:F:\Documents\AndroidStudioProjects\netfeige2\app\src\main\java\com\netfeige\display\data\DataSource.java:28: ´íÎó: Î´½áÊøµÄ×Ö·û´®ÎÄ×Ö
52:F:\Documents\AndroidStudioProjects\netfeige2\app\src\main\java\com\netfeige\display\data\DataSource.java:115: ´íÎó: Î´½áÊøµÄ×Ö·û´®ÎÄ×Ö
55:F:\Documents\AndroidStudioProjects\netfeige2\app\src\main\java\com\netfeige\display\data\DataSource.java:124: ´íÎó: Î´½áÊøµÄ×Ö·û´®ÎÄ×Ö
58:F:\Documents\AndroidStudioProjects\netfeige2\app\src\main\java\com\netfeige\display\data\DataSource.java:133: ´íÎó: Î´½áÊøµÄ×Ö·û´®ÎÄ×Ö
61:F:\Documents\AndroidStudioProjects\netfeige2\app\src\main\java\com\netfeige\display\data\DataSource.java:142: ´íÎó: Î´½áÊøµÄ×Ö·û´®ÎÄ×Ö
64:F:\Documents\AndroidStudioProjects\netfeige2\app\src\main\java\com\netfeige\display\data\FileAdapter.java:238: ´íÎó: Î´½áÊøµÄ×Ö·û´®ÎÄ×Ö
67:F:\Documents\AndroidStudioProjects\netfeige2\app\src\main\java\com\netfeige\display\data\IpmsgApplication.java:755: ´íÎó: Î´½áÊøµÄ×Ö·û´®ÎÄ×Ö
70:F:\Documents\AndroidStudioProjects\netfeige2\app\src\main\java\com\netfeige\display\ui\ChoiceUserActivity.java:471: ´íÎó: Î´½áÊøµÄ×Ö·û´®ÎÄ×Ö
73:F:\Documents\AndroidStudioProjects\netfeige2\app\src\main\java\com\netfeige\display\ui\ChoiceUserActivity.java:514: ´íÎó: Î´½áÊøµÄ×Ö·û´®ÎÄ×Ö
76:F:\Documents\AndroidStudioProjects\netfeige2\app\src\main\java\com\netfeige\display\ui\dialog\CheckLanSharePwdDialog.java:75: ´íÎó: Î´½áÊøµÄ×Ö·û´®ÎÄ×Ö
79:F:\Documents\AndroidStudioProjects\netfeige2\app\src\main\java\com\netfeige\display\ui\FileActivity.java:314: ´íÎó: Î´½áÊøµÄ×Ö·û´®ÎÄ×Ö
82:F:\Documents\AndroidStudioProjects\netfeige2\app\src\main\java\com\netfeige\display\ui\NewDiscussActivity.java:75: ´íÎó: Î´½áÊøµÄ×Ö·û´®ÎÄ×Ö
85:F:\Documents\AndroidStudioProjects\netfeige2\app\src\main\java\com\netfeige\display\ui\OptionActivity.java:386: ´íÎó: Î´½áÊøµÄ×Ö·û´®ÎÄ×Ö
88:F:\Documents\AndroidStudioProjects\netfeige2\app\src\main\java\com\netfeige\display\ui\OptionActivity.java:393: ´íÎó: Î´½áÊøµÄ×Ö·û´®ÎÄ×Ö
91:F:\Documents\AndroidStudioProjects\netfeige2\app\src\main\java\com\netfeige\display\ui\SetFeigeDownloadActivity.java:95: ´íÎó: Î´½áÊøµÄ×Ö·û´®ÎÄ×Ö
94:F:\Documents\AndroidStudioProjects\netfeige2\app\src\main\java\com\netfeige\display\ui\wifi\WifiMainActivity.java:73: ´íÎó: Î´½áÊøµÄ×Ö·û´®ÎÄ×Ö
97:F:\Documents\AndroidStudioProjects\netfeige2\app\src\main\java\com\netfeige\filemanager\FileManager.java:52: ´íÎó: Î´½áÊøµÄ×Ö·û´®ÎÄ×Ö
100:F:\Documents\AndroidStudioProjects\netfeige2\app\src\main\java\com\netfeige\protocol\Protocol.java:730: ´íÎó: Î´½áÊøµÄ×Ö·û´®ÎÄ×Ö
103:F:\Documents\AndroidStudioProjects\netfeige2\app\src\main\java\com\netfeige\service\IpmsgService.java:40: ´íÎó: Î´½áÊøµÄ×Ö·û´®ÎÄ×Ö
106:F:\Documents\AndroidStudioProjects\netfeige2\app\src\main\java\com\netfeige\service\IpmsgService.java:146: ´íÎó: Î´½áÊøµÄ×Ö·û´®ÎÄ×Ö
109:F:\Documents\AndroidStudioProjects\netfeige2\app\src\main\java\com\netfeige\service\IpmsgService.java:848: ´íÎó: Î´½áÊøµÄ×Ö·û´®ÎÄ×Ö
112:30 ¸ö´íÎó
