> Task :app:preBuild UP-TO-DATE
> Task :app:preDebugBuild UP-TO-DATE
> Task :app:mergeDebugNativeDebugMetadata NO-SOURCE
> Task :app:generateDebugBuildConfig UP-TO-DATE
> Task :app:javaPreCompileDebug UP-TO-DATE
> Task :app:checkDebugAarMetadata UP-TO-DATE
> Task :app:generateDebugResValues UP-TO-DATE
> Task :app:mapDebugSourceSetPaths UP-TO-DATE
> Task :app:generateDebugResources UP-TO-DATE
> Task :app:mergeDebugResources UP-TO-DATE
> Task :app:createDebugCompatibleScreenManifests UP-TO-DATE
> Task :app:extractDeepLinksDebug UP-TO-DATE
> Task :app:processDebugMainManifest UP-TO-DATE
> Task :app:processDebugManifest UP-TO-DATE
> Task :app:processDebugManifestForPackage UP-TO-DATE
> Task :app:processDebugResources UP-TO-DATE

> Task :app:compileDebugJavaWithJavac
警告: [options] 源值 8 已过时，将在未来发行版中删除
警告: [options] 目标值 8 已过时，将在未来发行版中删除
警告: [options] 要隐藏有关已过时选项的警告, 请使用 -Xlint:-options。
F:\Documents\AndroidStudioProjects\netfeige2\app\src\main\java\com\netfeige\common\Public_Tools.java:25: 错误: 找不到符号
import androidx.media.session.PlaybackStateCompat;
                             ^
  符号:   类 PlaybackStateCompat
  位置: 程序包 androidx.media.session
F:\Documents\AndroidStudioProjects\netfeige2\app\src\main\java\org\teleal\cling\android\AndroidUpnpServiceConfiguration.java:4: 错误: 找不到符号
import androidx.core.graphics.PathInterpolatorCompat;
                             ^
  符号:   类 PathInterpolatorCompat
  位置: 程序包 androidx.core.graphics
F:\Documents\AndroidStudioProjects\netfeige2\app\src\main\java\com\netfeige\protocol\Protocol.java:5: 错误: 找不到符号
import androidx.media.session.PlaybackStateCompat;
                             ^
  符号:   类 PlaybackStateCompat
  位置: 程序包 androidx.media.session
F:\Documents\AndroidStudioProjects\netfeige2\app\src\main\java\com\netfeige\transport\TransFile.java:4: 错误: 找不到符号
import androidx.core.graphics.PathInterpolatorCompat;
                             ^
  符号:   类 PathInterpolatorCompat
  位置: 程序包 androidx.core.graphics
F:\Documents\AndroidStudioProjects\netfeige2\app\src\main\java\com\netfeige\transport\TransFile.java:5: 错误: 找不到符号
import androidx.media.session.PlaybackStateCompat;
                             ^
  符号:   类 PlaybackStateCompat
  位置: 程序包 androidx.media.session
F:\Documents\AndroidStudioProjects\netfeige2\app\src\main\java\com\netfeige\transport\TransMsg.java:6: 错误: 找不到符号
import androidx.media.session.PlaybackStateCompat;
                             ^
  符号:   类 PlaybackStateCompat
  位置: 程序包 androidx.media.session
F:\Documents\AndroidStudioProjects\netfeige2\app\src\main\java\com\netfeige\transport\Transport.java:4: 错误: 找不到符号
import androidx.media.session.PlaybackStateCompat;
                             ^
  符号:   类 PlaybackStateCompat
  位置: 程序包 androidx.media.session
F:\Documents\AndroidStudioProjects\netfeige2\app\src\main\java\u\aly\a.java:3: 错误: 找不到符号
import android.support.v4.os.EnvironmentCompat;
                            ^
  符号:   类 EnvironmentCompat
  位置: 程序包 android.support.v4.os
F:\Documents\AndroidStudioProjects\netfeige2\app\src\main\java\org\teleal\cling\support\shared\TextExpandEvent.java:5: 错误: 类型DefaultEvent不带有参数
public class TextExpandEvent extends DefaultEvent<String> {
                                                 ^
F:\Documents\AndroidStudioProjects\netfeige2\app\src\main\java\org\teleal\common\util\Text.java:3: 错误: 找不到符号
import androidx.media.session.PlaybackStateCompat;
                             ^
  符号:   类 PlaybackStateCompat
  位置: 程序包 androidx.media.session
F:\Documents\AndroidStudioProjects\netfeige2\app\src\main\java\u\aly\cd.java:6: 错误: 找不到符号
import androidx.media.session.PlaybackStateCompat;
                             ^
  符号:   类 PlaybackStateCompat
  位置: 程序包 androidx.media.session
F:\Documents\AndroidStudioProjects\netfeige2\app\src\main\java\u\aly\ci.java:3: 错误: 找不到符号
import android.support.v4.app.FrameMetricsAggregator;
                             ^
  符号:   类 FrameMetricsAggregator
  位置: 程序包 android.support.v4.app
F:\Documents\AndroidStudioProjects\netfeige2\app\src\main\java\u\aly\ck.java:117: 错误: 找不到符号
    private java.lang.Object a(byte r1, byte[] r2, u.aly.co r3, u.aly.co... r4) throws u.aly.cn {
                                                    ^
  符号:   类 aly
  位置: 类 u
F:\Documents\AndroidStudioProjects\netfeige2\app\src\main\java\u\aly\ck.java:117: 错误: 找不到符号
    private java.lang.Object a(byte r1, byte[] r2, u.aly.co r3, u.aly.co... r4) throws u.aly.cn {
                                                                 ^
  符号:   类 aly
  位置: 类 u
F:\Documents\AndroidStudioProjects\netfeige2\app\src\main\java\u\aly\ck.java:117: 错误: 找不到符号
    private java.lang.Object a(byte r1, byte[] r2, u.aly.co r3, u.aly.co... r4) throws u.aly.cn {
                                                                                        ^
  符号:   类 aly
  位置: 类 u
F:\Documents\AndroidStudioProjects\netfeige2\app\src\main\java\u\aly\d.java:24: 错误: 找不到符号
	private Set<u.aly.a> g = new HashSet();
	             ^
  符号:   类 aly
  位置: 类 u
F:\Documents\AndroidStudioProjects\netfeige2\app\src\main\java\u\aly\d.java:54: 错误: 找不到符号
	public boolean a(u.aly.a aVar) {
	                  ^
  符号:   类 aly
  位置: 类 u
F:\Documents\AndroidStudioProjects\netfeige2\app\src\main\java\org\teleal\cling\model\meta\Device.java:175: 错误: 不兼容的类型: Device<DI,D,S>无法转换为D
        return (D[]) toDeviceArray(findEmbeddedDevices(this));
                                                       ^
  其中, DI,D,S是类型变量:
    DI扩展已在类 Device中声明的DeviceIdentity
    D扩展已在类 Device中声明的Device
    S扩展已在类 Device中声明的Service
F:\Documents\AndroidStudioProjects\netfeige2\app\src\main\java\org\teleal\cling\model\meta\Device.java:179: 错误: 对于find(DeviceType,Device<DI,D,S>), 找不到合适的方法
        return (D[]) toDeviceArray(find(deviceType, this));
                                   ^
    方法 Device.find(UDN,D)不适用
      (参数不匹配; DeviceType无法转换为UDN)
    方法 Device.find(DeviceType,D)不适用
      (参数不匹配; Device<DI,D,S>无法转换为D)
    方法 Device.find(ServiceType,D)不适用
      (参数不匹配; DeviceType无法转换为ServiceType)
  其中, DI,D,S是类型变量:
    DI扩展已在类 Device中声明的DeviceIdentity
    D扩展已在类 Device中声明的Device
    S扩展已在类 Device中声明的Service
F:\Documents\AndroidStudioProjects\netfeige2\app\src\main\java\org\teleal\cling\model\meta\Device.java:183: 错误: 对于find(ServiceType,Device<DI,D,S>), 找不到合适的方法
        return (D[]) toDeviceArray(find(serviceType, this));
                                   ^
    方法 Device.find(UDN,D)不适用
      (参数不匹配; ServiceType无法转换为UDN)
    方法 Device.find(DeviceType,D)不适用
      (参数不匹配; ServiceType无法转换为DeviceType)
    方法 Device.find(ServiceType,D)不适用
      (参数不匹配; Device<DI,D,S>无法转换为D)
  其中, DI,D,S是类型变量:
    DI扩展已在类 Device中声明的DeviceIdentity
    D扩展已在类 Device中声明的Device
    S扩展已在类 Device中声明的Service
F:\Documents\AndroidStudioProjects\netfeige2\app\src\main\java\org\teleal\cling\model\meta\Device.java:200: 错误: 不兼容的类型: Device<DI,D,S>无法转换为D
        return (S[]) toServiceArray(findServices(null, null, this));
                                                             ^
  其中, DI,D,S是类型变量:
    DI扩展已在类 Device中声明的DeviceIdentity
    D扩展已在类 Device中声明的Device
    S扩展已在类 Device中声明的Service
F:\Documents\AndroidStudioProjects\netfeige2\app\src\main\java\org\teleal\cling\model\meta\Device.java:204: 错误: 不兼容的类型: Device<DI,D,S>无法转换为D
        return (S[]) toServiceArray(findServices(serviceType, null, this));
                                                                    ^
  其中, DI,D,S是类型变量:
    DI扩展已在类 Device中声明的DeviceIdentity
    D扩展已在类 Device中声明的Device
    S扩展已在类 Device中声明的Service
F:\Documents\AndroidStudioProjects\netfeige2\app\src\main\java\org\teleal\cling\model\meta\Device.java:215: 错误: 对于find(UDN,Device), 找不到合适的方法
            D d2 = (D) find(udn, device);
                       ^
    方法 Device.find(UDN,D)不适用
      (参数不匹配; Device无法转换为D)
    方法 Device.find(DeviceType,D)不适用
      (参数不匹配; UDN无法转换为DeviceType)
    方法 Device.find(ServiceType,D)不适用
      (参数不匹配; UDN无法转换为ServiceType)
  其中, D是类型变量:
    D扩展已在类 Device中声明的Device
F:\Documents\AndroidStudioProjects\netfeige2\app\src\main\java\org\teleal\cling\model\meta\Device.java:230: 错误: 不兼容的类型: Device无法转换为D
                hashSet.addAll(findEmbeddedDevices(device));
                                                   ^
  其中, D是类型变量:
    D扩展已在类 Device中声明的Device
F:\Documents\AndroidStudioProjects\netfeige2\app\src\main\java\org\teleal\cling\model\meta\Device.java:243: 错误: 对于find(DeviceType,Device), 找不到合适的方法
                hashSet.addAll(find(deviceType, device));
                               ^
    方法 Device.find(UDN,D)不适用
      (参数不匹配; DeviceType无法转换为UDN)
    方法 Device.find(DeviceType,D)不适用
      (参数不匹配; Device无法转换为D)
    方法 Device.find(ServiceType,D)不适用
      (参数不匹配; DeviceType无法转换为ServiceType)
  其中, D是类型变量:
    D扩展已在类 Device中声明的Device
F:\Documents\AndroidStudioProjects\netfeige2\app\src\main\java\org\teleal\cling\model\meta\Device.java:284: 错误: 不兼容的类型: Device<DI,D,S>无法转换为D
        Collection<S> collectionFindServices = findServices(null, serviceId, this);
                                                                             ^
  其中, DI,D,S是类型变量:
    DI扩展已在类 Device中声明的DeviceIdentity
    D扩展已在类 Device中声明的Device
    S扩展已在类 Device中声明的Service
F:\Documents\AndroidStudioProjects\netfeige2\app\src\main\java\org\teleal\cling\model\meta\Device.java:292: 错误: 不兼容的类型: Device<DI,D,S>无法转换为D
        Collection<S> collectionFindServices = findServices(serviceType, null, this);
                                                                               ^
  其中, DI,D,S是类型变量:
    DI扩展已在类 Device中声明的DeviceIdentity
    D扩展已在类 Device中声明的Device
    S扩展已在类 Device中声明的Service
F:\Documents\AndroidStudioProjects\netfeige2\app\src\main\java\org\teleal\cling\model\meta\Device.java:300: 错误: 不兼容的类型: Device<DI,D,S>无法转换为D
        Collection<S> collectionFindServices = findServices(null, null, this);
                                                                        ^
  其中, DI,D,S是类型变量:
    DI扩展已在类 Device中声明的DeviceIdentity
    D扩展已在类 Device中声明的Device
    S扩展已在类 Device中声明的Service
F:\Documents\AndroidStudioProjects\netfeige2\app\src\main\java\org\teleal\cling\model\meta\Service.java:38: 错误: 不兼容的类型: Service<D,S>无法转换为S
                action.setService(this);
                                  ^
  其中, D,S是类型变量:
    D扩展已在类 Service中声明的Device
    S扩展已在类 Service中声明的Service
F:\Documents\AndroidStudioProjects\netfeige2\app\src\main\java\org\teleal\cling\model\meta\Service.java:44: 错误: 不兼容的类型: Service<D,S>无法转换为S
                stateVariable.setService(this);
                                         ^
  其中, D,S是类型变量:
    D扩展已在类 Service中声明的Device
    S扩展已在类 Service中声明的Service
F:\Documents\AndroidStudioProjects\netfeige2\app\src\main\java\com\netfeige\common\GifOpenHelper.java:322: 错误: 不兼容的类型: 从int转换到short可能会有损失
                        s = i17;
                            ^
F:\Documents\AndroidStudioProjects\netfeige2\app\src\main\java\com\netfeige\common\GifOpenHelper.java:326: 错误: 不兼容的类型: 从int转换到short可能会有损失
                        s = i5;
                            ^
F:\Documents\AndroidStudioProjects\netfeige2\app\src\main\java\org\teleal\cling\model\meta\RemoteDevice.java:80: 错误: 二元运算符 '!=' 的操作数类型错误
        return this.services != 0 ? (RemoteService[]) this.services : new RemoteService[0];
                             ^
  第一个类型:  RemoteService[]
  第二个类型: int
F:\Documents\AndroidStudioProjects\netfeige2\app\src\main\java\org\teleal\cling\model\meta\RemoteDevice.java:85: 错误: 二元运算符 '!=' 的操作数类型错误
        return this.embeddedDevices != 0 ? (RemoteDevice[]) this.embeddedDevices : new RemoteDevice[0];
                                    ^
  第一个类型:  RemoteDevice[]
  第二个类型: int
F:\Documents\AndroidStudioProjects\netfeige2\app\src\main\java\org\teleal\cling\model\meta\LocalDevice.java:26: 错误: LocalDevice不是抽象的, 并且未覆盖Device中的抽象方法toServiceArray(Collection<LocalService>)
public class LocalDevice extends Device<DeviceIdentity, LocalDevice, LocalService> {
       ^
F:\Documents\AndroidStudioProjects\netfeige2\app\src\main\java\org\teleal\cling\model\meta\LocalDevice.java:139: 错误: 二元运算符 '!=' 的操作数类型错误
        return this.services != 0 ? (LocalService[]) this.services : new LocalService[0];
                             ^
  第一个类型:  LocalService[]
  第二个类型: int
F:\Documents\AndroidStudioProjects\netfeige2\app\src\main\java\org\teleal\cling\model\meta\LocalDevice.java:144: 错误: 二元运算符 '!=' 的操作数类型错误
        return this.embeddedDevices != 0 ? (LocalDevice[]) this.embeddedDevices : new LocalDevice[0];
                                    ^
  第一个类型:  LocalDevice[]
  第二个类型: int
F:\Documents\AndroidStudioProjects\netfeige2\app\src\main\java\org\teleal\cling\model\action\ActionException.java:33: 错误: 对this的调用必须是构造器中的第一个语句
        this(code, str);
            ^
F:\Documents\AndroidStudioProjects\netfeige2\app\src\main\java\org\teleal\cling\model\action\ActionArgumentValue.java:19: 错误: 对super的调用必须是构造器中的第一个语句
        super(datatype, obj);
             ^
F:\Documents\AndroidStudioProjects\netfeige2\app\src\main\java\org\teleal\cling\model\gena\LocalGENASubscription.java:51: 错误: 找不到符号
            this.currentValues.put(stateVariableValue.getStateVariable().getName(), (StateVariableValue<S>) stateVariableValue);
                                                                                                        ^
  符号:   类 S
  位置: 类 LocalGENASubscription
F:\Documents\AndroidStudioProjects\netfeige2\app\src\main\java\org\teleal\cling\model\gena\LocalGENASubscription.java:99: 错误: 找不到符号
                    this.currentValues.put(stateVariableValue.getStateVariable().getName(), (StateVariableValue<S>) stateVariableValue);
                                                                                                                ^
  符号:   类 S
  位置: 类 LocalGENASubscription
F:\Documents\AndroidStudioProjects\netfeige2\app\src\main\java\org\teleal\cling\model\gena\RemoteGENASubscription.java:81: 错误: 找不到符号
            this.currentValues.put(stateVariableValue.getStateVariable().getName(), (StateVariableValue<S>) stateVariableValue);
                                                                                                        ^
  符号:   类 S
  位置: 类 RemoteGENASubscription
F:\Documents\AndroidStudioProjects\netfeige2\app\src\main\java\org\teleal\cling\protocol\sync\SendingAction.java:66: 错误: 找不到符号
            e = e2;
            ^
  符号:   变量 e
  位置: 类 SendingAction
F:\Documents\AndroidStudioProjects\netfeige2\app\src\main\java\org\teleal\cling\model\message\control\OutgoingActionRequestMessage.java:26: 错误: 对super的调用必须是构造器中的第一个语句
        super(upnpRequest);
             ^
F:\Documents\AndroidStudioProjects\netfeige2\app\src\main\java\org\teleal\cling\controlpoint\SubscriptionCallback.java:85: 错误: 程序包ActivityChooserView不存在
            localGENASubscription = new LocalGENASubscription(localService, Integer.valueOf(ActivityChooserView.ActivityChooserViewAdapter.MAX_ACTIVITY_COUNT_UNLIMITED), Collections.EMPTY_LIST) { // from class: org.teleal.cling.controlpoint.SubscriptionCallback.1
                                                                                                               ^
F:\Documents\AndroidStudioProjects\netfeige2\app\src\main\java\org\teleal\cling\controlpoint\SubscriptionCallback.java:138: 错误: 找不到符号
            e = e2;
            ^
  符号:   变量 e
  位置: 类 SubscriptionCallback
F:\Documents\AndroidStudioProjects\netfeige2\app\src\main\java\com\geniusgithub\mediarender\util\FileHelper.java:125: 错误: 找不到符号
                    e = e2;
                    ^
  符号:   变量 e
  位置: 类 FileHelper
F:\Documents\AndroidStudioProjects\netfeige2\app\src\main\java\com\geniusgithub\mediarender\util\FileHelper.java:126: 错误: 找不到符号
                    e.printStackTrace();
                    ^
  符号:   变量 e
  位置: 类 FileHelper
F:\Documents\AndroidStudioProjects\netfeige2\app\src\main\java\com\geniusgithub\mediarender\util\FileHelper.java:148: 错误: 找不到符号
                e = e5;
                ^
  符号:   变量 e
  位置: 类 FileHelper
F:\Documents\AndroidStudioProjects\netfeige2\app\src\main\java\com\geniusgithub\mediarender\util\FileHelper.java:151: 错误: 找不到符号
            th = th2;
            ^
  符号:   变量 th
  位置: 类 FileHelper
F:\Documents\AndroidStudioProjects\netfeige2\app\src\main\java\com\geniusgithub\mediarender\util\FileHelper.java:403: 错误: 找不到符号
                e = e2;
                ^
  符号:   变量 e
  位置: 类 FileHelper
F:\Documents\AndroidStudioProjects\netfeige2\app\src\main\java\com\geniusgithub\mediarender\util\FileHelper.java:406: 错误: 找不到符号
            th = th2;
            ^
  符号:   变量 th
  位置: 类 FileHelper
F:\Documents\AndroidStudioProjects\netfeige2\app\src\main\java\com\geniusgithub\mediarender\util\FileHelper.java:563: 错误: 找不到符号
                e = e2;
                ^
  符号:   变量 e
  位置: 类 FileHelper
F:\Documents\AndroidStudioProjects\netfeige2\app\src\main\java\com\geniusgithub\mediarender\util\FileHelper.java:566: 错误: 找不到符号
            th = th2;
            ^
  符号:   变量 th
  位置: 类 FileHelper
F:\Documents\AndroidStudioProjects\netfeige2\app\src\main\java\com\netfeige\common\DBHelper.java:222: 错误: 找不到符号
                th = th2;
                ^
  符号:   变量 th
  位置: 类 DBHelper
F:\Documents\AndroidStudioProjects\netfeige2\app\src\main\java\com\netfeige\common\DBHelper.java:397: 错误: 找不到符号
                th = th2;
                ^
  符号:   变量 th
  位置: 类 DBHelper
F:\Documents\AndroidStudioProjects\netfeige2\app\src\main\java\com\netfeige\common\DBHelper.java:402: 错误: 找不到符号
                throw th;
                      ^
  符号:   变量 th
  位置: 类 DBHelper
F:\Documents\AndroidStudioProjects\netfeige2\app\src\main\java\com\netfeige\common\DBHelper.java:548: 错误: 找不到符号
                th = th2;
                ^
  符号:   变量 th
  位置: 类 DBHelper
F:\Documents\AndroidStudioProjects\netfeige2\app\src\main\java\com\netfeige\common\DBHelper.java:606: 错误: 找不到符号
                th = th2;
                ^
  符号:   变量 th
  位置: 类 DBHelper
F:\Documents\AndroidStudioProjects\netfeige2\app\src\main\java\com\netfeige\common\DBHelper.java:611: 错误: 找不到符号
                throw th;
                      ^
  符号:   变量 th
  位置: 类 DBHelper
F:\Documents\AndroidStudioProjects\netfeige2\app\src\main\java\com\netfeige\common\DBHelper.java:660: 错误: 找不到符号
                th = th2;
                ^
  符号:   变量 th
  位置: 类 DBHelper
F:\Documents\AndroidStudioProjects\netfeige2\app\src\main\java\com\netfeige\common\DBHelper.java:664: 错误: 找不到符号
                throw th;
                      ^
  符号:   变量 th
  位置: 类 DBHelper
F:\Documents\AndroidStudioProjects\netfeige2\app\src\main\java\com\netfeige\common\DBHelper.java:714: 错误: 找不到符号
                th = th2;
                ^
  符号:   变量 th
  位置: 类 DBHelper
F:\Documents\AndroidStudioProjects\netfeige2\app\src\main\java\com\netfeige\common\DBHelper.java:719: 错误: 找不到符号
                throw th;
                      ^
  符号:   变量 th
  位置: 类 DBHelper
F:\Documents\AndroidStudioProjects\netfeige2\app\src\main\java\com\netfeige\common\DBHelper.java:752: 错误: 找不到符号
                th = th2;
                ^
  符号:   变量 th
  位置: 类 DBHelper
F:\Documents\AndroidStudioProjects\netfeige2\app\src\main\java\com\netfeige\common\DBHelper.java:757: 错误: 找不到符号
                throw th;
                      ^
  符号:   变量 th
  位置: 类 DBHelper
F:\Documents\AndroidStudioProjects\netfeige2\app\src\main\java\com\netfeige\common\DBHelper.java:834: 错误: 找不到符号
                th = th2;
                ^
  符号:   变量 th
  位置: 类 DBHelper
F:\Documents\AndroidStudioProjects\netfeige2\app\src\main\java\com\netfeige\common\DBHelper.java:838: 错误: 找不到符号
                throw th;
                      ^
  符号:   变量 th
  位置: 类 DBHelper
F:\Documents\AndroidStudioProjects\netfeige2\app\src\main\java\com\netfeige\common\Public_Tools.java:533: 错误: 找不到符号
		} else if (j >= PlaybackStateCompat.ACTION_SET_CAPTIONING_ENABLED) {
		                ^
  符号:   变量 PlaybackStateCompat
  位置: 类 Public_Tools
F:\Documents\AndroidStudioProjects\netfeige2\app\src\main\java\com\netfeige\common\Public_Tools.java:573: 错误: 在 switch 或 loop 外部中断
				break;
				^
F:\Documents\AndroidStudioProjects\netfeige2\app\src\main\java\com\netfeige\common\Public_Tools.java:647: 错误: 找不到符号
					th = th2;
					^
  符号:   变量 th
  位置: 类 Public_Tools
F:\Documents\AndroidStudioProjects\netfeige2\app\src\main\java\com\netfeige\common\Public_Tools.java:650: 错误: 找不到符号
				e = e3;
				^
  符号:   变量 e
  位置: 类 Public_Tools
F:\Documents\AndroidStudioProjects\netfeige2\app\src\main\java\com\netfeige\common\Public_Tools.java:679: 错误: 找不到符号
					e = e2;
					^
  符号:   变量 e
  位置: 类 Public_Tools
F:\Documents\AndroidStudioProjects\netfeige2\app\src\main\java\com\netfeige\common\Public_Tools.java:683: 错误: 找不到符号
					e.printStackTrace();
					^
  符号:   变量 e
  位置: 类 Public_Tools
F:\Documents\AndroidStudioProjects\netfeige2\app\src\main\java\com\netfeige\common\Public_Tools.java:705: 错误: 找不到符号
			e = e5;
			^
  符号:   变量 e
  位置: 类 Public_Tools
F:\Documents\AndroidStudioProjects\netfeige2\app\src\main\java\com\netfeige\display\ui\FileListView.java:1132: 错误: 找不到符号
            if (f >= iArr[0] && f <= r4.getWidth() + iArr[0] && f2 >= iArr[1] && f2 <= r4.getHeight() + iArr[1]) {
                                     ^
  符号:   变量 r4
  位置: 类 FileListView
F:\Documents\AndroidStudioProjects\netfeige2\app\src\main\java\com\netfeige\display\ui\FileListView.java:1132: 错误: 找不到符号
            if (f >= iArr[0] && f <= r4.getWidth() + iArr[0] && f2 >= iArr[1] && f2 <= r4.getHeight() + iArr[1]) {
                                                                                       ^
  符号:   变量 r4
  位置: 类 FileListView
F:\Documents\AndroidStudioProjects\netfeige2\app\src\main\java\com\netfeige\display\ui\ChoiceListView.java:514: 错误: 找不到符号
            if (f >= iArr[0] && f <= r4.getWidth() + iArr[0] && f2 >= iArr[1] && f2 <= r4.getHeight() + iArr[1]) {
                                     ^
  符号:   变量 r4
  位置: 类 ChoiceListView
F:\Documents\AndroidStudioProjects\netfeige2\app\src\main\java\com\netfeige\display\ui\ChoiceListView.java:514: 错误: 找不到符号
            if (f >= iArr[0] && f <= r4.getWidth() + iArr[0] && f2 >= iArr[1] && f2 <= r4.getHeight() + iArr[1]) {
                                                                                       ^
  符号:   变量 r4
  位置: 类 ChoiceListView
F:\Documents\AndroidStudioProjects\netfeige2\app\src\main\java\com\netfeige\display\ui\FileActivity.java:110: 错误: FileActivity中的onCreate(Bundle)无法覆盖Activity中的onCreate(Bundle)
    protected void onCreate(Bundle bundle) throws Throwable {
                   ^
  被覆盖的方法未抛出Throwable
F:\Documents\AndroidStudioProjects\netfeige2\app\src\main\java\com\netfeige\display\ui\FileActivity.java:597: 错误: multi-catch 语句中的替代无法通过子类化关联
        } catch (NullPointerException | Exception unused) {
                                        ^
  替代NullPointerException是替代Exception的子类
F:\Documents\AndroidStudioProjects\netfeige2\app\src\main\java\com\netfeige\display\data\FileAdapter.java:154: 错误: 不兼容的类型: FileAdapter.viewHolder2无法转换为FileAdapter.viewHolder3
            viewholder3 = viewholder2;
                          ^
F:\Documents\AndroidStudioProjects\netfeige2\app\src\main\java\com\netfeige\display\data\CategoryAdpter.java:163: 错误: <匿名com.netfeige.display.data.CategoryAdpter$6>中的onClick(View)无法实现OnClickListener中的onClick(View)
            public void onClick(View view2) throws Throwable {
                        ^
  被覆盖的方法未抛出Throwable
F:\Documents\AndroidStudioProjects\netfeige2\app\src\main\java\com\netfeige\display\ui\IpmsgActivity.java:289: 错误: <匿名com.netfeige.display.ui.IpmsgActivity$5>中的handleMessage(Message)无法覆盖Handler中的handleMessage(Message)
        public void handleMessage(Message message) throws Throwable {
                    ^
  被覆盖的方法未抛出Throwable
F:\Documents\AndroidStudioProjects\netfeige2\app\src\main\java\com\netfeige\display\ui\AlbumImageView.java:90: 错误: 找不到符号
            e = e2;
            ^
  符号:   变量 e
  位置: 类 AlbumImageView
F:\Documents\AndroidStudioProjects\netfeige2\app\src\main\java\com\netfeige\display\ui\AlbumImageView.java:230: 错误: 找不到符号
        return Math.max(r0.getWidth() / this.m_nThisWidth, this.m_bitmapImage.getHeight() / this.m_nThisHeight) * 4.0f;
                        ^
  符号:   变量 r0
  位置: 类 AlbumImageView
F:\Documents\AndroidStudioProjects\netfeige2\app\src\main\java\com\netfeige\dlna\HttpServer.java:156: 错误: HttpServer.HTTPSession中的run()无法实现Runnable中的run()
        public void run() throws InterruptedException {
                    ^
  被覆盖的方法未抛出InterruptedException
F:\Documents\AndroidStudioProjects\netfeige2\app\src\main\java\com\netfeige\dlna\HttpServer.java:366: 错误: 找不到符号
                            properties2.put(strSubstring, saveTmpFile(bArr, stripMultipartHeaders(bArr, boundaryPositions[i - 2]), (boundaryPositions[i - 1] - r5) - 4));
                                                                                                                                                               ^
  符号:   变量 r5
  位置: 类 HttpServer.HTTPSession
F:\Documents\AndroidStudioProjects\netfeige2\app\src\main\java\com\netfeige\display\ui\GifView.java:23: 错误: 对super的调用必须是构造器中的第一个语句
        super(context, attributeSet);
             ^
F:\Documents\AndroidStudioProjects\netfeige2\app\src\main\java\com\netfeige\display\ui\GifView.java:52: 错误: 找不到符号
            e = e2;
            ^
  符号:   变量 e
  位置: 类 GifView
F:\Documents\AndroidStudioProjects\netfeige2\app\src\main\java\com\netfeige\filemanager\FileManager.java:678: 错误: multi-catch 语句中的替代无法通过子类化关联
            } catch (IOException | Exception unused) {
                                   ^
  替代IOException是替代Exception的子类
F:\Documents\AndroidStudioProjects\netfeige2\app\src\main\java\org\teleal\cling\DefaultUpnpServiceConfiguration.java:235: 错误: 程序包ActivityChooserView不存在
            super(0, ActivityChooserView.ActivityChooserViewAdapter.MAX_ACTIVITY_COUNT_UNLIMITED, 60L, TimeUnit.SECONDS, new SynchronousQueue(), threadFactory, rejectedExecutionHandler);
                                        ^
F:\Documents\AndroidStudioProjects\netfeige2\app\src\main\java\org\teleal\cling\android\AndroidUpnpServiceConfiguration.java:30: 错误: 找不到符号
        return PathInterpolatorCompat.MAX_NUM_POINTS;
               ^
  符号:   变量 PathInterpolatorCompat
  位置: 类 AndroidUpnpServiceConfiguration
F:\Documents\AndroidStudioProjects\netfeige2\app\src\main\java\com\netfeige\protocol\Protocol.java:291: 错误: 找不到符号
				if ((proPackage.nCommandID & PlaybackStateCompat.ACTION_SET_SHUFFLE_MODE) == PlaybackStateCompat.ACTION_SET_SHUFFLE_MODE) {
				                             ^
  符号:   变量 PlaybackStateCompat
  位置: 类 Protocol.DecodeSendMsg
F:\Documents\AndroidStudioProjects\netfeige2\app\src\main\java\com\netfeige\protocol\Protocol.java:291: 错误: 找不到符号
				if ((proPackage.nCommandID & PlaybackStateCompat.ACTION_SET_SHUFFLE_MODE) == PlaybackStateCompat.ACTION_SET_SHUFFLE_MODE) {
				                                                                             ^
  符号:   变量 PlaybackStateCompat
  位置: 类 Protocol.DecodeSendMsg
F:\Documents\AndroidStudioProjects\netfeige2\app\src\main\java\com\netfeige\protocol\Protocol.java:292: 错误: 找不到符号
					if (strArrSplit.length <= 1 || 0 == (proPackage.nCommandID & PlaybackStateCompat.ACTION_SET_SHUFFLE_MODE)) {
					                                                             ^
  符号:   变量 PlaybackStateCompat
  位置: 类 Protocol.DecodeSendMsg
F:\Documents\AndroidStudioProjects\netfeige2\app\src\main\java\com\netfeige\protocol\Protocol.java:1293: 错误: 不兼容的类型: int无法转换为boolean
			boolean z = 0;
			            ^
F:\Documents\AndroidStudioProjects\netfeige2\app\src\main\java\com\netfeige\protocol\Protocol.java:1294: 错误: 不兼容的类型: int无法转换为boolean
			z = 0;
			    ^
F:\Documents\AndroidStudioProjects\netfeige2\app\src\main\java\com\netfeige\protocol\UILopperFreighter.java:301: 错误: 不兼容的类型: HashMap<String,Object>无法转换为CAP#1
        arrayList.add(map);
                      ^
  其中, CAP#1是新类型变量:
    CAP#1从? extends Parcelable的捕获扩展Parcelable
F:\Documents\AndroidStudioProjects\netfeige2\app\src\main\java\com\netfeige\protocol\UILopperFreighter.java:313: 错误: 不兼容的类型: HashMap<String,Object>无法转换为CAP#1
        arrayList.add(map);
                      ^
  其中, CAP#1是新类型变量:
    CAP#1从? extends Parcelable的捕获扩展Parcelable
注: 某些输入文件使用或覆盖了已过时的 API。
注: 有关详细信息, 请使用 -Xlint:deprecation 重新编译。
注: 某些输入文件使用了未经检查或不安全的操作。
注: 有关详细信息, 请使用 -Xlint:unchecked 重新编译。
注: 某些消息已经过简化; 请使用 -Xdiags:verbose 重新编译以获得完整输出
100 个错误
3 个警告
仅显示前 100 个错误（共 1110 个）；若要查看更多错误，请使用 -Xmaxerrs

> Task :app:compileDebugJavaWithJavac FAILED

FAILURE: Build failed with an exception.

* What went wrong:
Execution failed for task ':app:compileDebugJavaWithJavac'.
> Compilation failed; see the compiler error output for details.

* Try:
> Run with --info option to get more log output.
> Run with --scan to get full insights.

BUILD FAILED in 5s
13 actionable tasks: 1 executed, 12 up-to-date
