> Task :app:preBuild UP-TO-DATE
> Task :app:preDebugBuild UP-TO-DATE
> Task :app:mergeDebugNativeDebugMetadata NO-SOURCE
> Task :app:generateDebugBuildConfig UP-TO-DATE
> Task :app:javaPreCompileDebug UP-TO-DATE
> Task :app:checkDebugAarMetadata UP-TO-DATE
> Task :app:generateDebugResValues UP-TO-DATE
> Task :app:mapDebugSourceSetPaths UP-TO-DATE
> Task :app:generateDebugResources UP-TO-DATE
> Task :app:mergeDebugResources UP-TO-DATE
> Task :app:createDebugCompatibleScreenManifests UP-TO-DATE
> Task :app:extractDeepLinksDebug UP-TO-DATE
> Task :app:processDebugMainManifest UP-TO-DATE
> Task :app:processDebugManifest UP-TO-DATE
> Task :app:processDebugManifestForPackage UP-TO-DATE
> Task :app:processDebugResources UP-TO-DATE

> Task :app:compileDebugJavaWithJavac FAILED
¾¯¸æ: [options] Ô´Öµ 8 ÒÑ¹ıÊ±£¬½«ÔÚÎ´À´·¢ĞĞ°æÖĞÉ¾³ı
¾¯¸æ: [options] Ä¿±êÖµ 8 ÒÑ¹ıÊ±£¬½«ÔÚÎ´À´·¢ĞĞ°æÖĞÉ¾³ı
¾¯¸æ: [options] ÒªÒş²ØÓĞ¹ØÒÑ¹ıÊ±Ñ¡ÏîµÄ¾¯¸æ, ÇëÊ¹ÓÃ -Xlint:-options¡£
F:\Documents\AndroidStudioProjects\netfeige2\app\src\main\java\com\netfeige\common\Public_Tools.java:393: ´íÎó: Î´½áÊøµÄ×Ö·û´®ÎÄ×Ö
			str2 = "æ”¶åˆ°æ¥è‡ªè®¨è®ºç»?" + discussInfo.getStrName() + " çš„æ¶ˆæ?;
			                                                  ^
F:\Documents\AndroidStudioProjects\netfeige2\app\src\main\java\com\netfeige\common\Public_Tools.java:398: ´íÎó: Î´½áÊøµÄ×Ö·û´®ÎÄ×Ö
			String str4 = hostInformation.pszUserName + "ï¼? + str;
			                                            ^
F:\Documents\AndroidStudioProjects\netfeige2\app\src\main\java\com\netfeige\common\Public_Tools.java:399: ´íÎó: Î´½áÊøµÄ×Ö·û´®ÎÄ×Ö
			str2 = hostInformation.pszUserName + "ç»™æ‚¨å‘æ¥é£é¸½æ¶ˆæ¯ï¼?;
			                                     ^
F:\Documents\AndroidStudioProjects\netfeige2\app\src\main\java\com\netfeige\common\Public_Tools.java:450: ´íÎó: Î´½áÊøµÄ×Ö·û´®ÎÄ×Ö
		showToast(ipmsgApplication, "ç¨‹åºé€¢ãå‡?, 1);
		                            ^
F:\Documents\AndroidStudioProjects\netfeige2\app\src\main\java\com\netfeige\common\Public_Tools.java:778: ´íÎó: Î´½áÊøµÄ×Ö·û´®ÎÄ×Ö
		fileInfo.setName("ä¸Šä¸€çº?);
		                 ^
F:\Documents\AndroidStudioProjects\netfeige2\app\src\main\java\com\netfeige\common\Public_Tools.java:779: ´íÎó: Î´½áÊøµÄ×Ö·û´®ÎÄ×Ö
		fileInfo.setPath("ä¸Šä¸€çº?);
		                 ^
F:\Documents\AndroidStudioProjects\netfeige2\app\src\main\java\com\netfeige\display\data\DataSource.java:25: ´íÎó: Î´½áÊøµÄ×Ö·û´®ÎÄ×Ö
    private static final String s_strPrintAnswer = "æ¥å—äº†æ‚¨çš„æ‰“å°è¯·æ±‚ã¢ã?;
                                                   ^
F:\Documents\AndroidStudioProjects\netfeige2\app\src\main\java\com\netfeige\display\data\DataSource.java:26: ´íÎó: Î´½áÊøµÄ×Ö·û´®ÎÄ×Ö
    private static final String s_strPrintFinish = "ä¸ºæ‚¨æ‰“å°å·²å®Œæˆã¢ã?;
                                                   ^
F:\Documents\AndroidStudioProjects\netfeige2\app\src\main\java\com\netfeige\display\data\DataSource.java:27: ´íÎó: Î´½áÊøµÄ×Ö·û´®ÎÄ×Ö
    private static final String s_strPrintRefused = "æ‹’ç»äº†æ‚¨çš„æ‰“å°è¯·æ±‚ã¢ã?;
                                                    ^
F:\Documents\AndroidStudioProjects\netfeige2\app\src\main\java\com\netfeige\display\data\DataSource.java:28: ´íÎó: Î´½áÊøµÄ×Ö·û´®ÎÄ×Ö
    private static final String s_strPrintTimeout = "é•¿æ—¶é—´æœªå“åº”ï¼Œæ‚¨å¯ä»¥å†æ¬¡è¯·æ±‚æˆ–é¢ã‰æ‹©å…¶ä»–æ‰“å°æœºã¢ã?;
                                                    ^
F:\Documents\AndroidStudioProjects\netfeige2\app\src\main\java\com\netfeige\display\data\DataSource.java:115: ´íÎó: Î´½áÊøµÄ×Ö·û´®ÎÄ×Ö
        Toast.makeText(this.mContext, "å¯¹æ–¹æ‹’ç»äº†æ‚¨çš„æ‰“å°è¯·æ±‚ã¢ã?, 1).show();
                                      ^
F:\Documents\AndroidStudioProjects\netfeige2\app\src\main\java\com\netfeige\display\data\DataSource.java:124: ´íÎó: Î´½áÊøµÄ×Ö·û´®ÎÄ×Ö
        Toast.makeText(this.mContext, "å¯¹æ–¹æ‹’ç»äº†æ‚¨çš„æ‰“å°è¯·æ±‚ã¢ã?, 1).show();
                                      ^
F:\Documents\AndroidStudioProjects\netfeige2\app\src\main\java\com\netfeige\display\data\DataSource.java:133: ´íÎó: Î´½áÊøµÄ×Ö·û´®ÎÄ×Ö
        Toast.makeText(this.mContext, "å¯¹æ–¹æ‹’ç»äº†æ‚¨çš„æ‰“å°è¯·æ±‚ã¢ã?, 1).show();
                                      ^
F:\Documents\AndroidStudioProjects\netfeige2\app\src\main\java\com\netfeige\display\data\DataSource.java:142: ´íÎó: Î´½áÊøµÄ×Ö·û´®ÎÄ×Ö
        Toast.makeText(this.mContext, "å¯¹æ–¹æ‹’ç»äº†æ‚¨çš„æ‰“å°è¯·æ±‚ã¢ã?, 1).show();
                                      ^
F:\Documents\AndroidStudioProjects\netfeige2\app\src\main\java\com\netfeige\display\data\FileAdapter.java:238: ´íÎó: Î´½áÊøµÄ×Ö·û´®ÎÄ×Ö
        viewholder1.textView.setText("ä¸Šä¸€çº?);
                                     ^
F:\Documents\AndroidStudioProjects\netfeige2\app\src\main\java\com\netfeige\display\data\IpmsgApplication.java:755: ´íÎó: Î´½áÊøµÄ×Ö·û´®ÎÄ×Ö
        spannableStringBuilder.append((CharSequence) "æ¶ˆæ¯\"").append((CharSequence) appendFace(str, textView, list)).append((CharSequence) "\"å‘é¢ãå¤±è´?);
                                                                                                                                           ^
F:\Documents\AndroidStudioProjects\netfeige2\app\src\main\java\com\netfeige\display\ui\ChoiceUserActivity.java:471: ´íÎó: Î´½áÊøµÄ×Ö·û´®ÎÄ×Ö
            Toast.makeText(ChoiceUserActivity.this, "æ— æ³•è·å–è¦å‘é€çš„æ–‡ä»¶è·¯å¾„ï¼Œå‘é€å¤±è´?, 1).show();
                                                    ^
F:\Documents\AndroidStudioProjects\netfeige2\app\src\main\java\com\netfeige\display\ui\ChoiceUserActivity.java:514: ´íÎó: Î´½áÊøµÄ×Ö·û´®ÎÄ×Ö
            Toast.makeText(this, "æ–‡ä»¶å·²å‘é€?, 1).show();
                                 ^
F:\Documents\AndroidStudioProjects\netfeige2\app\src\main\java\com\netfeige\display\ui\dialog\CheckLanSharePwdDialog.java:75: ´íÎó: Î´½áÊøµÄ×Ö·û´®ÎÄ×Ö
        this.m_textVTitle.setText(((LanSharedItem) this.m_mapSubQueryArgs.get("lanSharedItem")).getM_strFrom() + "çš„è®¿é—®å¯†ç ?);
                                                                                                                 ^
F:\Documents\AndroidStudioProjects\netfeige2\app\src\main\java\com\netfeige\display\ui\FileActivity.java:314: ´íÎó: Î´½áÊøµÄ×Ö·û´®ÎÄ×Ö
            s_btnSend.setText("ä¸‹ä¸€æ­?);
                              ^
F:\Documents\AndroidStudioProjects\netfeige2\app\src\main\java\com\netfeige\display\ui\NewDiscussActivity.java:75: ´íÎó: Î´½áÊøµÄ×Ö·û´®ÎÄ×Ö
                    Toast.makeText(NewDiscussActivity.this, "è®¨è®ºç»„åç§°ä¸èƒ½ä¸ºç©?, 0).show();
                                                            ^
F:\Documents\AndroidStudioProjects\netfeige2\app\src\main\java\com\netfeige\display\ui\OptionActivity.java:386: ´íÎó: Î´½áÊøµÄ×Ö·û´®ÎÄ×Ö
            this.m_textVFeigeDownload.setText("SDå?);
                                              ^
F:\Documents\AndroidStudioProjects\netfeige2\app\src\main\java\com\netfeige\display\ui\OptionActivity.java:393: ´íÎó: Î´½áÊøµÄ×Ö·û´®ÎÄ×Ö
            this.m_textVMediaRenderState.setText("å…?);
                                                 ^
F:\Documents\AndroidStudioProjects\netfeige2\app\src\main\java\com\netfeige\display\ui\SetFeigeDownloadActivity.java:95: ´íÎó: Î´½áÊøµÄ×Ö·û´®ÎÄ×Ö
    private final String m_strFeigeText = ",é£é¸½æ”¶ä»¶å¤?;
                                          ^
F:\Documents\AndroidStudioProjects\netfeige2\app\src\main\java\com\netfeige\display\ui\wifi\WifiMainActivity.java:73: ´íÎó: Î´½áÊøµÄ×Ö·û´®ÎÄ×Ö
    private String m_strNumber2 = " </font>äººè¿æ?;
                                  ^
F:\Documents\AndroidStudioProjects\netfeige2\app\src\main\java\com\netfeige\filemanager\FileManager.java:52: ´íÎó: Î´½áÊøµÄ×Ö·û´®ÎÄ×Ö
    private static final String m_strInSubdirectory = "ç›®æ ‡æ–‡ä»¶å¤¹æ˜¯æºæ–‡ä»¶å¤¹çš„å­æ–‡ä»¶å¤¹ï¼Œä¸èƒ½ç²˜è´´ï¼?;
                                                      ^
F:\Documents\AndroidStudioProjects\netfeige2\app\src\main\java\com\netfeige\protocol\Protocol.java:730: ´íÎó: Î´½áÊøµÄ×Ö·û´®ÎÄ×Ö
				Log.i("mylog", "Updateä¿¡æ¯å‘é¢ã? + byteBufferAllocate.limit());
				               ^
F:\Documents\AndroidStudioProjects\netfeige2\app\src\main\java\com\netfeige\service\IpmsgService.java:40: ´íÎó: Î´½áÊøµÄ×Ö·û´®ÎÄ×Ö
	private static final String m_strPrintNotify = "æš‚æ— æ‰“å°æœºå¯ç”?;
	                                               ^
F:\Documents\AndroidStudioProjects\netfeige2\app\src\main\java\com\netfeige\service\IpmsgService.java:146: ´íÎó: Î´½áÊøµÄ×Ö·û´®ÎÄ×Ö
			this.mListExitDiscuss.add("æ‚¨è¢«ç§»å‡ºäº†è®¨è®ºç»„ï¼? + discussInfo.getStrName());
			                          ^
F:\Documents\AndroidStudioProjects\netfeige2\app\src\main\java\com\netfeige\service\IpmsgService.java:848: ´íÎó: Î´½áÊøµÄ×Ö·û´®ÎÄ×Ö
		processMessage(hostInformation, str, hostInformation.pszUserName + "æ‹’ç»äº†è®¨è®ºç»„é‚¢ãè¯?, false, false, Public_Tools.getCurrentTimeMillis());
		                                                                   ^
30 ¸ö´íÎó
3 ¸ö¾¯¸æ

FAILURE: Build failed with an exception.

* What went wrong:
Execution failed for task ':app:compileDebugJavaWithJavac'.
> Compilation failed; see the compiler error output for details.

* Try:
> Run with --info option to get more log output.
> Run with --scan to get full insights.

BUILD FAILED in 3s
13 actionable tasks: 1 executed, 12 up-to-date
